<?xml version="1.0" encoding="utf-8"?>
<test-run id="2" testcasecount="1" result="Passed" total="1" passed="1" failed="0" inconclusive="0" skipped="0" asserts="0" engine-version="3.5.0.0" clr-version="4.0.30319.42000" start-time="2026-09-04 09:00:38Z" end-time="2026-09-04 09:00:39Z" duration="0,0387338">
  <test-suite type="TestSuite" id="1000" name="CLI-CICD-TechDiscovery" fullname="CLI-CICD-TechDiscovery" runstate="Runnable" testcasecount="1" result="Passed" start-time="2026-09-04 09:00:38Z" end-time="2026-09-04 09:00:39Z" duration="0.038734" total="1" passed="1" failed="0" inconclusive="0" skipped="0" asserts="0">
    <properties>
      <property name="platform" value="EditMode" />
    </properties>
    <test-suite type="Assembly" id="1003" name="Tests.dll" fullname="C:/Users/Aymeric/projects/CLI-CICD-TechDiscovery/Library/ScriptAssemblies/Tests.dll" runstate="Runnable" testcasecount="1" result="Passed" start-time="2026-09-04 09:00:38Z" end-time="2026-09-04 09:00:39Z" duration="0.031807" total="1" passed="1" failed="0" inconclusive="0" skipped="0" asserts="0">
      <properties>
        <property name="_PID" value="34140" />
        <property name="_APPDOMAIN" value="Unity Child Domain" />
        <property name="platform" value="EditMode" />
        <property name="EditorOnly" value="True" />
      </properties>
      <test-suite type="TestSuite" id="1004" name="Tests" fullname="Tests" runstate="Runnable" testcasecount="1" result="Passed" start-time="2026-09-04 09:00:38Z" end-time="2026-09-04 09:00:39Z" duration="0.031127" total="1" passed="1" failed="0" inconclusive="0" skipped="0" asserts="0">
        <properties />
        <test-suite type="TestFixture" id="1001" name="SmokeTests" fullname="Tests.SmokeTests" classname="Tests.SmokeTests" runstate="Runnable" testcasecount="1" result="Passed" start-time="2026-09-04 09:00:38Z" end-time="2026-09-04 09:00:39Z" duration="0.029885" total="1" passed="1" failed="0" inconclusive="0" skipped="0" asserts="0">
          <properties />
          <test-case id="1002" name="OnePlusOneIsTwo" fullname="Tests.SmokeTests.OnePlusOneIsTwo" methodname="OnePlusOneIsTwo" classname="Tests.SmokeTests" runstate="Runnable" seed="1241594773" result="Passed" start-time="2026-09-04 09:00:38Z" end-time="2026-09-04 09:00:38Z" duration="0.015087" asserts="0">
            <properties>
              <property name="retryIteration" value="0" />
              <property name="repeatIteration" value="0" />
            </properties>
            <output><![CDATA[Saving results to: C:/Users/Aymeric/AppData/LocalLow/DefaultCompany/CLI-CICD-TechDiscovery\TestResults.xml
]]></output>
          </test-case>
        </test-suite>
      </test-suite>
    </test-suite>
  </test-suite>
</test-run>